
> back@1.0.0 test
> jest

node.exe : ts-jest[ts-jest-transformer] (WARN) Define `ts-jest` config under 
`globals` is deprecated. Please do
Au caractère C:\Program Files\nodejs\npm.ps1:29 : 3
+   & $NODE_EXE $NPM_CLI_JS $args
+   ~~~~~~~~~~~~~~~~~~~~~~~~~~~~~
    + CategoryInfo          : NotSpecified: (ts-jest[ts-jest...ated. Please do 
   :String) [], RemoteException
    + FullyQualifiedErrorId : NativeCommandError
 
transform: {
    <transform_regex>: ['ts-jest', { /* ts-jest config goes here in Jest */ }],
},
See more at 
https://kulshekhar.github.io/ts-jest/docs/getting-started/presets#advanced
ts-jest[ts-jest-transformer] (WARN) Define `ts-jest` config under `globals` is 
deprecated. Please do
transform: {
    <transform_regex>: ['ts-jest', { /* ts-jest config goes here in Jest */ }],
},
See more at 
https://kulshekhar.github.io/ts-jest/docs/getting-started/presets#advanced
ts-jest[ts-jest-transformer] (WARN) Define `ts-jest` config under `globals` is 
deprecated. Please do
transform: {
    <transform_regex>: ['ts-jest', { /* ts-jest config goes here in Jest */ }],
},
See more at 
https://kulshekhar.github.io/ts-jest/docs/getting-started/presets#advanced
ts-jest[ts-jest-transformer] (WARN) Define `ts-jest` config under `globals` is 
deprecated. Please do
transform: {
    <transform_regex>: ['ts-jest', { /* ts-jest config goes here in Jest */ }],
},
See more at 
https://kulshekhar.github.io/ts-jest/docs/getting-started/presets#advanced
ts-jest[ts-jest-transformer] (WARN) Define `ts-jest` config under `globals` is 
deprecated. Please do
transform: {
    <transform_regex>: ['ts-jest', { /* ts-jest config goes here in Jest */ }],
},
See more at 
https://kulshekhar.github.io/ts-jest/docs/getting-started/presets#advanced
PASS src/common/__tests__/http.test.ts
FAIL src/modules/common/__tests__/business.service.test.ts
  ÔùÅ Test suite failed to run

    PrismaClientInitializationError: `PrismaClient` needs to be constructed 
with a non-empty, valid `PrismaClientOptions`:

    ```
    new PrismaClient({
      ...
    })
    ```

    or

    ```
    constructor() {
      super({ ... });
    }
    ```

    [0m [90m  6 |[39m }
     [90m  7 |[39m
    [31m[1m>[22m[39m[90m  8 |[39m [36mexport[39m [36mconst[39m 
prisma [33m=[39m global[33m.[39mprisma [33m?[39m[33m?[39m 
[36mnew[39m [33mPrismaClient[39m()[33m;[39m
     [90m    |[39m                                        
[31m[1m^[22m[39m
     [90m  9 |[39m
     [90m 10 |[39m [36mif[39m 
(process[33m.[39menv[33m.[39m[33mNODE_ENV[39m [33m!==[39m 
[32m"production"[39m) {
     [90m 11 |[39m   global[33m.[39mprisma [33m=[39m 
prisma[33m;[39m[0m

                
      at new t 
(node_modules/@prisma/client/src/runtime/getPrismaClient.ts:259:15)
      at Object.<anonymous> (src/config/prisma.ts:8:40)
      at Object.<anonymous> (src/modules/common/business.service.ts:1:1)
      at Object.<anonymous> 
(src/modules/common/__tests__/business.service.test.ts:1:1)

PASS src/modules/auth/__tests__/auth.service.test.ts
FAIL src/modules/persons/__tests__/persons.service.test.ts
  ÔùÅ PersonService ÔÇ║ delete ÔÇ║ should soft delete person

    TypeError: expiresAt.getDate is not a function

    [0m [90m 198 |[39m     [90m// Log in DeletedItem (retention 30 
days)[39m
     [90m 199 |[39m     [36mconst[39m expiresAt [33m=[39m [36mnew[39m 
[33mDate[39m()[33m;[39m
    [31m[1m>[22m[39m[90m 200 |[39m     
expiresAt[33m.[39msetDate(expiresAt[33m.[39mgetDate() [33m+[39m 
[35m30[39m)[33m;[39m
     [90m     |[39m                                 [31m[1m^[22m[39m
     [90m 201 |[39m
     [90m 202 |[39m     [36mawait[39m 
prisma[33m.[39mdeletedItem[33m.[39mcreate({
     [90m 203 |[39m       data[33m:[39m {[0m

      at Function.delete (src/modules/persons/persons.service.ts:200:33)
      at Object.<anonymous> 
(src/modules/persons/__tests__/persons.service.test.ts:180:7)

FAIL src/modules/accounting/__tests__/accounting.service.test.ts
  ÔùÅ AccountingService ÔÇ║ getBalanceSheet ÔÇ║ should get balance sheet

    expect(received).toBe(expected) // Object.is equality

    Expected: 100
    Received: -100

    [0m [90m 157 |[39m       
expect(result[33m.[39mequity)[33m.[39mtoBeDefined()[33m;[39m
     [90m 158 |[39m       expect(result[33m.[39mtotals[33m.[39massets)[3
3m.[39mtoBe([35m100[39m)[33m;[39m
    [31m[1m>[22m[39m[90m 159 |[39m       expect(result[33m.[39mtotals[
33m.[39mequity)[33m.[39mtoBe([35m100[39m)[33m;[39m
     [90m     |[39m                                    [31m[1m^[22m[39m
     [90m 160 |[39m     })[33m;[39m
     [90m 161 |[39m   })[33m;[39m
     [90m 162 |[39m[0m

      at Object.<anonymous> 
(src/modules/accounting/__tests__/accounting.service.test.ts:159:36)

Test Suites: 3 failed, 2 passed, 5 total
Tests:       2 failed, 36 passed, 38 total
Snapshots:   0 total
Time:        4.82 s
Ran all test suites.
